================================================================================
╥┼╤╥╚╨╬┬└═╚┼ ╙╦╙╫╪┼══╬╔ ╨┼╩╬╠┼═─└╥┼╦▄═╬╔ ╤╚╤╥┼╠█
================================================================================
